// Jest Snapshot v1, https://goo.gl/fbAQLP

exports[`App renders App 1`] = `
ShallowWrapper {
  Symbol(enzyme.__root__): [Circular],
  Symbol(enzyme.__unrendered__): <App />,
  Symbol(enzyme.__renderer__): Object {
    "batchedUpdates": [Function],
    "getNode": [Function],
    "render": [Function],
    "simulateError": [Function],
    "simulateEvent": [Function],
    "unmount": [Function],
  },
  Symbol(enzyme.__node__): Object {
    "instance": null,
    "key": undefined,
    "nodeType": "class",
    "props": Object {
      "children": <PersistGate
        loading={<div />}
        persistor={
                Object {
                        "dispatch": [Function],
                        "flush": [Function],
                        "getState": [Function],
                        "pause": [Function],
                        "persist": [Function],
                        "purge": [Function],
                        "replaceReducer": [Function],
                        "subscribe": [Function],
                        Symbol(observable): [Function],
                      }
        }
>
        <BrowserRouter>
                <div
                        className="App"
                >
                        <div
                                className="Sidebar"
                        >
                                <withRouter(SidebarComponent)
                                        routes={
                                                Array [
                                                        Object {
                                                          "content": [Function],
                                                          "exact": true,
                                                          "path": "/",
                                                          "sidebar": [Function],
                                                        },
                                                        Object {
                                                          "content": [Function],
                                                          "exact": true,
                                                          "path": "/manage",
                                                          "sidebar": [Function],
                                                        },
                                                        Object {
                                                          "content": [Function],
                                                          "exact": true,
                                                          "path": "/dataset",
                                                          "sidebar": [Function],
                                                        },
                                                      ]
                                        }
                                />
                        </div>
                        <div
                                className="Content"
                        >
                                <Route
                                        component={[Function]}
                                        exact={true}
                                        path="/"
                                />
                                <Route
                                        component={[Function]}
                                        exact={true}
                                        path="/manage"
                                />
                                <Route
                                        component={[Function]}
                                        exact={true}
                                        path="/dataset"
                                />
                        </div>
                </div>
        </BrowserRouter>
</PersistGate>,
      "store": Object {
        "dispatch": [Function],
        "getState": [Function],
        "replaceReducer": [Function],
        "subscribe": [Function],
        Symbol(observable): [Function],
      },
    },
    "ref": null,
    "rendered": Object {
      "instance": null,
      "key": undefined,
      "nodeType": "class",
      "props": Object {
        "children": <BrowserRouter>
          <div
                    className="App"
          >
                    <div
                              className="Sidebar"
                    >
                              <withRouter(SidebarComponent)
                                        routes={
                                                  Array [
                                                            Object {
                                                              "content": [Function],
                                                              "exact": true,
                                                              "path": "/",
                                                              "sidebar": [Function],
                                                            },
                                                            Object {
                                                              "content": [Function],
                                                              "exact": true,
                                                              "path": "/manage",
                                                              "sidebar": [Function],
                                                            },
                                                            Object {
                                                              "content": [Function],
                                                              "exact": true,
                                                              "path": "/dataset",
                                                              "sidebar": [Function],
                                                            },
                                                          ]
                                        }
                              />
                    </div>
                    <div
                              className="Content"
                    >
                              <Route
                                        component={[Function]}
                                        exact={true}
                                        path="/"
                              />
                              <Route
                                        component={[Function]}
                                        exact={true}
                                        path="/manage"
                              />
                              <Route
                                        component={[Function]}
                                        exact={true}
                                        path="/dataset"
                              />
                    </div>
          </div>
</BrowserRouter>,
        "loading": <div />,
        "persistor": Object {
          "dispatch": [Function],
          "flush": [Function],
          "getState": [Function],
          "pause": [Function],
          "persist": [Function],
          "purge": [Function],
          "replaceReducer": [Function],
          "subscribe": [Function],
          Symbol(observable): [Function],
        },
      },
      "ref": null,
      "rendered": Object {
        "instance": null,
        "key": undefined,
        "nodeType": "class",
        "props": Object {
          "children": <div
            className="App"
>
            <div
                        className="Sidebar"
            >
                        <withRouter(SidebarComponent)
                                    routes={
                                                Array [
                                                            Object {
                                                              "content": [Function],
                                                              "exact": true,
                                                              "path": "/",
                                                              "sidebar": [Function],
                                                            },
                                                            Object {
                                                              "content": [Function],
                                                              "exact": true,
                                                              "path": "/manage",
                                                              "sidebar": [Function],
                                                            },
                                                            Object {
                                                              "content": [Function],
                                                              "exact": true,
                                                              "path": "/dataset",
                                                              "sidebar": [Function],
                                                            },
                                                          ]
                                    }
                        />
            </div>
            <div
                        className="Content"
            >
                        <Route
                                    component={[Function]}
                                    exact={true}
                                    path="/"
                        />
                        <Route
                                    component={[Function]}
                                    exact={true}
                                    path="/manage"
                        />
                        <Route
                                    component={[Function]}
                                    exact={true}
                                    path="/dataset"
                        />
            </div>
</div>,
        },
        "ref": null,
        "rendered": Object {
          "instance": null,
          "key": undefined,
          "nodeType": "host",
          "props": Object {
            "children": Array [
              <div
                className="Sidebar"
>
                <withRouter(SidebarComponent)
                                routes={
                                                Array [
                                                                Object {
                                                                  "content": [Function],
                                                                  "exact": true,
                                                                  "path": "/",
                                                                  "sidebar": [Function],
                                                                },
                                                                Object {
                                                                  "content": [Function],
                                                                  "exact": true,
                                                                  "path": "/manage",
                                                                  "sidebar": [Function],
                                                                },
                                                                Object {
                                                                  "content": [Function],
                                                                  "exact": true,
                                                                  "path": "/dataset",
                                                                  "sidebar": [Function],
                                                                },
                                                              ]
                                }
                />
</div>,
              <div
                className="Content"
>
                <Route
                                component={[Function]}
                                exact={true}
                                path="/"
                />
                <Route
                                component={[Function]}
                                exact={true}
                                path="/manage"
                />
                <Route
                                component={[Function]}
                                exact={true}
                                path="/dataset"
                />
</div>,
            ],
            "className": "App",
          },
          "ref": null,
          "rendered": Array [
            Object {
              "instance": null,
              "key": undefined,
              "nodeType": "host",
              "props": Object {
                "children": <withRouter(SidebarComponent)
                  routes={
                                    Array [
                                                      Object {
                                                        "content": [Function],
                                                        "exact": true,
                                                        "path": "/",
                                                        "sidebar": [Function],
                                                      },
                                                      Object {
                                                        "content": [Function],
                                                        "exact": true,
                                                        "path": "/manage",
                                                        "sidebar": [Function],
                                                      },
                                                      Object {
                                                        "content": [Function],
                                                        "exact": true,
                                                        "path": "/dataset",
                                                        "sidebar": [Function],
                                                      },
                                                    ]
                  }
/>,
                "className": "Sidebar",
              },
              "ref": null,
              "rendered": Object {
                "instance": null,
                "key": undefined,
                "nodeType": "function",
                "props": Object {
                  "routes": Array [
                    Object {
                      "content": [Function],
                      "exact": true,
                      "path": "/",
                      "sidebar": [Function],
                    },
                    Object {
                      "content": [Function],
                      "exact": true,
                      "path": "/manage",
                      "sidebar": [Function],
                    },
                    Object {
                      "content": [Function],
                      "exact": true,
                      "path": "/dataset",
                      "sidebar": [Function],
                    },
                  ],
                },
                "ref": null,
                "rendered": null,
                "type": [Function],
              },
              "type": "div",
            },
            Object {
              "instance": null,
              "key": undefined,
              "nodeType": "host",
              "props": Object {
                "children": Array [
                  <Route
                    component={[Function]}
                    exact={true}
                    path="/"
/>,
                  <Route
                    component={[Function]}
                    exact={true}
                    path="/manage"
/>,
                  <Route
                    component={[Function]}
                    exact={true}
                    path="/dataset"
/>,
                ],
                "className": "Content",
              },
              "ref": null,
              "rendered": Array [
                Object {
                  "instance": null,
                  "key": "/",
                  "nodeType": "class",
                  "props": Object {
                    "component": [Function],
                    "exact": true,
                    "path": "/",
                  },
                  "ref": null,
                  "rendered": null,
                  "type": [Function],
                },
                Object {
                  "instance": null,
                  "key": "/manage",
                  "nodeType": "class",
                  "props": Object {
                    "component": [Function],
                    "exact": true,
                    "path": "/manage",
                  },
                  "ref": null,
                  "rendered": null,
                  "type": [Function],
                },
                Object {
                  "instance": null,
                  "key": "/dataset",
                  "nodeType": "class",
                  "props": Object {
                    "component": [Function],
                    "exact": true,
                    "path": "/dataset",
                  },
                  "ref": null,
                  "rendered": null,
                  "type": [Function],
                },
              ],
              "type": "div",
            },
          ],
          "type": "div",
        },
        "type": [Function],
      },
      "type": [Function],
    },
    "type": [Function],
  },
  Symbol(enzyme.__nodes__): Array [
    Object {
      "instance": null,
      "key": undefined,
      "nodeType": "class",
      "props": Object {
        "children": <PersistGate
          loading={<div />}
          persistor={
                    Object {
                              "dispatch": [Function],
                              "flush": [Function],
                              "getState": [Function],
                              "pause": [Function],
                              "persist": [Function],
                              "purge": [Function],
                              "replaceReducer": [Function],
                              "subscribe": [Function],
                              Symbol(observable): [Function],
                            }
          }
>
          <BrowserRouter>
                    <div
                              className="App"
                    >
                              <div
                                        className="Sidebar"
                              >
                                        <withRouter(SidebarComponent)
                                                  routes={
                                                            Array [
                                                                      Object {
                                                                        "content": [Function],
                                                                        "exact": true,
                                                                        "path": "/",
                                                                        "sidebar": [Function],
                                                                      },
                                                                      Object {
                                                                        "content": [Function],
                                                                        "exact": true,
                                                                        "path": "/manage",
                                                                        "sidebar": [Function],
                                                                      },
                                                                      Object {
                                                                        "content": [Function],
                                                                        "exact": true,
                                                                        "path": "/dataset",
                                                                        "sidebar": [Function],
                                                                      },
                                                                    ]
                                                  }
                                        />
                              </div>
                              <div
                                        className="Content"
                              >
                                        <Route
                                                  component={[Function]}
                                                  exact={true}
                                                  path="/"
                                        />
                                        <Route
                                                  component={[Function]}
                                                  exact={true}
                                                  path="/manage"
                                        />
                                        <Route
                                                  component={[Function]}
                                                  exact={true}
                                                  path="/dataset"
                                        />
                              </div>
                    </div>
          </BrowserRouter>
</PersistGate>,
        "store": Object {
          "dispatch": [Function],
          "getState": [Function],
          "replaceReducer": [Function],
          "subscribe": [Function],
          Symbol(observable): [Function],
        },
      },
      "ref": null,
      "rendered": Object {
        "instance": null,
        "key": undefined,
        "nodeType": "class",
        "props": Object {
          "children": <BrowserRouter>
            <div
                        className="App"
            >
                        <div
                                    className="Sidebar"
                        >
                                    <withRouter(SidebarComponent)
                                                routes={
                                                            Array [
                                                                        Object {
                                                                          "content": [Function],
                                                                          "exact": true,
                                                                          "path": "/",
                                                                          "sidebar": [Function],
                                                                        },
                                                                        Object {
                                                                          "content": [Function],
                                                                          "exact": true,
                                                                          "path": "/manage",
                                                                          "sidebar": [Function],
                                                                        },
                                                                        Object {
                                                                          "content": [Function],
                                                                          "exact": true,
                                                                          "path": "/dataset",
                                                                          "sidebar": [Function],
                                                                        },
                                                                      ]
                                                }
                                    />
                        </div>
                        <div
                                    className="Content"
                        >
                                    <Route
                                                component={[Function]}
                                                exact={true}
                                                path="/"
                                    />
                                    <Route
                                                component={[Function]}
                                                exact={true}
                                                path="/manage"
                                    />
                                    <Route
                                                component={[Function]}
                                                exact={true}
                                                path="/dataset"
                                    />
                        </div>
            </div>
</BrowserRouter>,
          "loading": <div />,
          "persistor": Object {
            "dispatch": [Function],
            "flush": [Function],
            "getState": [Function],
            "pause": [Function],
            "persist": [Function],
            "purge": [Function],
            "replaceReducer": [Function],
            "subscribe": [Function],
            Symbol(observable): [Function],
          },
        },
        "ref": null,
        "rendered": Object {
          "instance": null,
          "key": undefined,
          "nodeType": "class",
          "props": Object {
            "children": <div
              className="App"
>
              <div
                            className="Sidebar"
              >
                            <withRouter(SidebarComponent)
                                          routes={
                                                        Array [
                                                                      Object {
                                                                        "content": [Function],
                                                                        "exact": true,
                                                                        "path": "/",
                                                                        "sidebar": [Function],
                                                                      },
                                                                      Object {
                                                                        "content": [Function],
                                                                        "exact": true,
                                                                        "path": "/manage",
                                                                        "sidebar": [Function],
                                                                      },
                                                                      Object {
                                                                        "content": [Function],
                                                                        "exact": true,
                                                                        "path": "/dataset",
                                                                        "sidebar": [Function],
                                                                      },
                                                                    ]
                                          }
                            />
              </div>
              <div
                            className="Content"
              >
                            <Route
                                          component={[Function]}
                                          exact={true}
                                          path="/"
                            />
                            <Route
                                          component={[Function]}
                                          exact={true}
                                          path="/manage"
                            />
                            <Route
                                          component={[Function]}
                                          exact={true}
                                          path="/dataset"
                            />
              </div>
</div>,
          },
          "ref": null,
          "rendered": Object {
            "instance": null,
            "key": undefined,
            "nodeType": "host",
            "props": Object {
              "children": Array [
                <div
                  className="Sidebar"
>
                  <withRouter(SidebarComponent)
                                    routes={
                                                      Array [
                                                                        Object {
                                                                          "content": [Function],
                                                                          "exact": true,
                                                                          "path": "/",
                                                                          "sidebar": [Function],
                                                                        },
                                                                        Object {
                                                                          "content": [Function],
                                                                          "exact": true,
                                                                          "path": "/manage",
                                                                          "sidebar": [Function],
                                                                        },
                                                                        Object {
                                                                          "content": [Function],
                                                                          "exact": true,
                                                                          "path": "/dataset",
                                                                          "sidebar": [Function],
                                                                        },
                                                                      ]
                                    }
                  />
</div>,
                <div
                  className="Content"
>
                  <Route
                                    component={[Function]}
                                    exact={true}
                                    path="/"
                  />
                  <Route
                                    component={[Function]}
                                    exact={true}
                                    path="/manage"
                  />
                  <Route
                                    component={[Function]}
                                    exact={true}
                                    path="/dataset"
                  />
</div>,
              ],
              "className": "App",
            },
            "ref": null,
            "rendered": Array [
              Object {
                "instance": null,
                "key": undefined,
                "nodeType": "host",
                "props": Object {
                  "children": <withRouter(SidebarComponent)
                    routes={
                                        Array [
                                                            Object {
                                                              "content": [Function],
                                                              "exact": true,
                                                              "path": "/",
                                                              "sidebar": [Function],
                                                            },
                                                            Object {
                                                              "content": [Function],
                                                              "exact": true,
                                                              "path": "/manage",
                                                              "sidebar": [Function],
                                                            },
                                                            Object {
                                                              "content": [Function],
                                                              "exact": true,
                                                              "path": "/dataset",
                                                              "sidebar": [Function],
                                                            },
                                                          ]
                    }
/>,
                  "className": "Sidebar",
                },
                "ref": null,
                "rendered": Object {
                  "instance": null,
                  "key": undefined,
                  "nodeType": "function",
                  "props": Object {
                    "routes": Array [
                      Object {
                        "content": [Function],
                        "exact": true,
                        "path": "/",
                        "sidebar": [Function],
                      },
                      Object {
                        "content": [Function],
                        "exact": true,
                        "path": "/manage",
                        "sidebar": [Function],
                      },
                      Object {
                        "content": [Function],
                        "exact": true,
                        "path": "/dataset",
                        "sidebar": [Function],
                      },
                    ],
                  },
                  "ref": null,
                  "rendered": null,
                  "type": [Function],
                },
                "type": "div",
              },
              Object {
                "instance": null,
                "key": undefined,
                "nodeType": "host",
                "props": Object {
                  "children": Array [
                    <Route
                      component={[Function]}
                      exact={true}
                      path="/"
/>,
                    <Route
                      component={[Function]}
                      exact={true}
                      path="/manage"
/>,
                    <Route
                      component={[Function]}
                      exact={true}
                      path="/dataset"
/>,
                  ],
                  "className": "Content",
                },
                "ref": null,
                "rendered": Array [
                  Object {
                    "instance": null,
                    "key": "/",
                    "nodeType": "class",
                    "props": Object {
                      "component": [Function],
                      "exact": true,
                      "path": "/",
                    },
                    "ref": null,
                    "rendered": null,
                    "type": [Function],
                  },
                  Object {
                    "instance": null,
                    "key": "/manage",
                    "nodeType": "class",
                    "props": Object {
                      "component": [Function],
                      "exact": true,
                      "path": "/manage",
                    },
                    "ref": null,
                    "rendered": null,
                    "type": [Function],
                  },
                  Object {
                    "instance": null,
                    "key": "/dataset",
                    "nodeType": "class",
                    "props": Object {
                      "component": [Function],
                      "exact": true,
                      "path": "/dataset",
                    },
                    "ref": null,
                    "rendered": null,
                    "type": [Function],
                  },
                ],
                "type": "div",
              },
            ],
            "type": "div",
          },
          "type": [Function],
        },
        "type": [Function],
      },
      "type": [Function],
    },
  ],
  Symbol(enzyme.__options__): Object {
    "adapter": ReactSixteenAdapter {
      "options": Object {
        "enableComponentDidUpdateOnSetState": true,
        "lifecycles": Object {
          "componentDidUpdate": Object {
            "onSetState": true,
          },
          "getDerivedStateFromProps": true,
          "getSnapshotBeforeUpdate": true,
          "setState": Object {
            "skipsComponentDidUpdateOnNullish": true,
          },
        },
      },
    },
  },
}
`;
